// Jest Snapshot v1, https://goo.gl/fbAQLP

exports[`should render the Auth view 1`] = `undefined`;
